// Jest Snapshot v1, https://goo.gl/fbAQLP

exports[`Form renders and matches snapshot 1`] = `
<div>
  <form
    class="form--aligned"
  >
    <div
      class="form__group form__group--aligned"
    >
      <div
        class="form__group__section"
      >
        <label
          class="form__label"
          for="f47cc1f4-02e0-449b-93b7-7c1988a98aab"
        >
          First Name
        </label>
      </div>
      <div
        class="form__group__section"
      >
        <input
          class="form__control"
          id="f47cc1f4-02e0-449b-93b7-7c1988a98aab"
        />
      </div>
    </div>
    <div
      class="form__group form__group--aligned"
    >
      <div
        class="form__group__section"
      >
        <label
          class="form__label"
          for="803c8d77-695f-4bec-880e-482917a24729"
        >
          Last Name
        </label>
      </div>
      <div
        class="form__group__section"
      >
        <input
          class="form__control"
          id="803c8d77-695f-4bec-880e-482917a24729"
        />
      </div>
    </div>
    <div
      class="form__group form__group--aligned"
    >
      <div
        class="form__group__section"
      >
        <label
          class="form__label"
          for="f246e9d6-2240-447c-90e4-4676d2f2ce06"
        >
          Age
        </label>
      </div>
      <div
        class="form__group__section"
      >
        <input
          class="form__control"
          id="f246e9d6-2240-447c-90e4-4676d2f2ce06"
          min="0"
          type="number"
        />
      </div>
    </div>
    <div
      class="form__group form__group--aligned"
    >
      <div
        class="form__group__section"
      >
        <label
          class="form__label"
          for="38a2d156-455c-45d8-bf4e-75939a95eba4"
        >
          Bio
        </label>
      </div>
      <div
        class="form__group__section"
      >
        <textarea
          class="form__control"
          id="38a2d156-455c-45d8-bf4e-75939a95eba4"
        />
      </div>
    </div>
    <div
      class="form__group form__group--aligned"
    >
      <div
        class="form__group__section"
      >
        <label
          class="form__label"
          for="0e6f1df5-4f3b-47f1-a2e7-fe58a95d78ff"
        >
          Email
        </label>
      </div>
      <div
        class="form__group__section"
      >
        <input
          class="form__control"
          id="0e6f1df5-4f3b-47f1-a2e7-fe58a95d78ff"
          type="email"
        />
        <small>
          You may occasionally receive marketing emails from us.
        </small>
      </div>
    </div>
    <div
      class="form__group form__group--aligned"
    >
      <div
        class="form__group__section"
      >
        <input
          class="form__control"
          id="c5098a49-39e5-4b50-970c-acb907d60aa5"
          type="checkbox"
        />
      </div>
      <div
        class="form__group__section"
      >
        <label
          class="form__label"
          for="c5098a49-39e5-4b50-970c-acb907d60aa5"
        >
          Receive Newsletter
        </label>
      </div>
    </div>
    <div
      class="form__group form__group--aligned"
    >
      <div
        class="form__group__section"
      >
        <label
          class="form__label"
          for="3285ab46-1487-48e3-a244-302c08fef7d2"
        >
          Newsletter Frequency
        </label>
      </div>
      <div
        class="form__group__section"
      >
        <select
          class="form__control"
          id="3285ab46-1487-48e3-a244-302c08fef7d2"
        >
          <option>
            Daily
          </option>
          <option>
            Monthly
          </option>
          <option>
            Quarterly
          </option>
        </select>
      </div>
    </div>
    <div
      class="form__group form__group--aligned"
    >
      <div
        class="form__group__section"
      >
        <span />
      </div>
      <div
        class="form__group__section"
      >
        <button
          class="form__control"
          id="20c69a4c-3d60-40ca-8de3-7e5915f9043a"
        >
          Submit
        </button>
      </div>
    </div>
  </form>
</div>
`;
