// Jest Snapshot v1, https://goo.gl/fbAQLP

exports[`Form renders and matches snapshot 1`] = `
<div>
  <form
    class="form--aligned"
  >
    <div
      class="form__group form__group--aligned"
    >
      <div
        class="form__group__section"
      >
        <label
          class="form__label"
          for="1"
        >
          First Name
        </label>
      </div>
      <div
        class="form__group__section"
      >
        <input
          class="form__control"
          id="1"
        />
      </div>
    </div>
    <div
      class="form__group form__group--aligned"
    >
      <div
        class="form__group__section"
      >
        <label
          class="form__label"
          for="2"
        >
          Last Name
        </label>
      </div>
      <div
        class="form__group__section"
      >
        <input
          class="form__control"
          id="2"
        />
      </div>
    </div>
    <div
      class="form__group form__group--aligned"
    >
      <div
        class="form__group__section"
      >
        <label
          class="form__label"
          for="3"
        >
          Age
        </label>
      </div>
      <div
        class="form__group__section"
      >
        <input
          class="form__control"
          id="3"
          min="0"
          type="number"
        />
      </div>
    </div>
    <div
      class="form__group form__group--aligned"
    >
      <div
        class="form__group__section"
      >
        <label
          class="form__label"
          for="4"
        >
          Bio
        </label>
      </div>
      <div
        class="form__group__section"
      >
        <textarea
          class="form__control"
          id="4"
        />
      </div>
    </div>
    <div
      class="form__group form__group--aligned"
    >
      <div
        class="form__group__section"
      >
        <label
          class="form__label"
          for="5"
        >
          Email
        </label>
      </div>
      <div
        class="form__group__section"
      >
        <input
          class="form__control"
          id="5"
          type="email"
        />
        <small>
          You may occasionally receive marketing emails from us.
        </small>
      </div>
    </div>
    <div
      class="form__group form__group--aligned"
    >
      <div
        class="form__group__section"
      >
        <input
          class="form__control"
          id="6"
          type="checkbox"
        />
      </div>
      <div
        class="form__group__section"
      >
        <label
          class="form__label"
          for="6"
        >
          Receive Newsletter
        </label>
      </div>
    </div>
    <div
      class="form__group form__group--aligned"
    >
      <div
        class="form__group__section"
      >
        <label
          class="form__label"
          for="7"
        >
          Newsletter Frequency
        </label>
      </div>
      <div
        class="form__group__section"
      >
        <select
          class="form__control"
          id="7"
        >
          <option>
            Daily
          </option>
          <option>
            Monthly
          </option>
          <option>
            Quarterly
          </option>
        </select>
      </div>
    </div>
    <div
      class="form__group form__group--aligned"
    >
      <div
        class="form__group__section"
      >
        <span />
      </div>
      <div
        class="form__group__section"
      >
        <button
          class="form__control"
          id="8"
        >
          Submit
        </button>
      </div>
    </div>
  </form>
</div>
`;
